// Jest Snapshot v1, https://goo.gl/fbAQLP

exports[`should render Not found component 1`] = `
<div>
  404 
  <Link
    replace={false}
    to="/"
  >
    home
  </Link>
</div>
`;
